Microchip MPLAB XC8 Compiler V2.32

Linker command line:

-W-3 --edf=D:\Microchip\xc8\v2.32\pic\dat\en_msgs.txt -cn \
  -h+dist/default/production\Temple_light_controller.X.production.sym \
  --cmf=dist/default/production\Temple_light_controller.X.production.cmf -z \
  -Q18F46K22 -oC:\Users\hari4\AppData\Local\Temp\xcAsa4k.4 \
  --defsym=__MPLAB_BUILD=1 \
  -Mdist/default/production/Temple_light_controller.X.production.map -E1 \
  -ver=XC8 Compiler --acfsm=1493 -ASTACK=060h-0F37h -pstack=STACK \
  -ACODE=00h-0FFFFh -ACONST=00h-0FFFFh -ASMALLCONST=01000h-010FFhx240 \
  -AMEDIUMCONST=01000h-0FFFFh -ACOMRAM=01h-05Fh -AABS1=00h-0F37h \
  -ABIGRAM=01h-0F37h -ARAM=060h-0FFh,0100h-01FFhx14,0F00h-0F37h \
  -ABANK0=060h-0FFh -ABANK1=0100h-01FFh -ABANK2=0200h-02FFh \
  -ABANK3=0300h-03FFh -ABANK4=0400h-04FFh -ABANK5=0500h-05FFh \
  -ABANK6=0600h-06FFh -ABANK7=0700h-07FFh -ABANK8=0800h-08FFh \
  -ABANK9=0900h-09FFh -ABANK10=0A00h-0AFFh -ABANK11=0B00h-0BFFh \
  -ABANK12=0C00h-0CFFh -ABANK13=0D00h-0DFFh -ABANK14=0E00h-0EFFh \
  -ABANK15=0F00h-0F37h -ASFR=0F38h-0F5Fh,0F60h-0FFFh \
  -ACONFIG=0300000h-030000Dh -AIDLOC=0200000h-0200007h \
  -AEEDATA=0F00000h-0F003FFh -peeprom_data=EEDATA \
  -preset_vec=00h,intcode,intcodelo,powerup,init -pramtop=01000h \
  -psmallconst=SMALLCONST -pmediumconst=MEDIUMCONST -pconst=CONST \
  -AFARRAM=00h-00h \
  -prdata=COMRAM,nvrram=COMRAM,nvbit=COMRAM,rbss=COMRAM,rbit=COMRAM \
  -pfarbss=FARRAM,fardata=FARRAM,nvFARRAM=FARRAM \
  -pintsave_regs=BIGRAM,bigbss=BIGRAM,bigdata=BIGRAM -pbss=RAM \
  -pidata=CODE,irdata=CODE,ibigdata=CODE,ifardata=CODE -prparam=COMRAM \
  C:\Users\hari4\AppData\Local\Temp\xcAsa4k.o \
  dist/default/production\Temple_light_controller.X.production.o 

Object code version is 3.11

Machine type is 18F46K22



                Name                               Link     Load   Length Selector   Space Scale
C:\Users\hari4\AppData\Local\Temp\xcAsa4k.o
                idloc                            200000   200000        8        0       5
                config                           300000   300000        E        0       4
                init                                  0        0        4        0       0
dist/default/production\Temple_light_controller.X.production.o
                idloc                            200000   200000        8        0       5
                config                           300000   300000        E        0       4
                smallconst                         1000     1000       1A      800       0
                text11                             14A8     14A8       5C      80D       0
                text10                             15CA     15CA       30      80D       0
                text9                              1370     1370       72      80D       0
                text8                              15FA     15FA       20      80D       0
                text7                              13E2     13E2       68      80D       0
                text6                              1162     1162      11C      80D       0
                text5                              1628     1628        E      80D       0
                text4                              1592     1592       38      80D       0
                text3                              1504     1504       54      80D       0
                text2                              101A     101A      148      80D       0
                text1                              144A     144A       5E      80D       0
                text0                              127E     127E       F2      80D       0
                cstackCOMRAM                         13       13       10        1       1
                dataCOMRAM                           23       23        E        1       1
                bssCOMRAM                             1        1       12        1       1
                cinit                              1558     1558       3A      80D       0
                idataCOMRAM                        161A     161A        E      80D       0

TOTAL           Name                               Link     Load   Length     Space
        CLASS   STACK          

        CLASS   CODE           
                init                                  0        0        4         0
                text11                             14A8     14A8       5C         0
                text10                             15CA     15CA       30         0
                text9                              1370     1370       72         0
                text8                              15FA     15FA       20         0
                text7                              13E2     13E2       68         0
                text6                              1162     1162      11C         0
                text5                              1628     1628        E         0
                text4                              1592     1592       38         0
                text3                              1504     1504       54         0
                text2                              101A     101A      148         0
                text1                              144A     144A       5E         0
                text0                              127E     127E       F2         0
                cinit                              1558     1558       3A         0
                idataCOMRAM                        161A     161A        E         0

        CLASS   CONST          

        CLASS   SMALLCONST     
                smallconst                         1000     1000       1A         0

        CLASS   MEDIUMCONST    

        CLASS   COMRAM         
                cstackCOMRAM                         13       13       10         1
                dataCOMRAM                           23       23        E         1
                bssCOMRAM                             1        1       12         1

        CLASS   ABS1           

        CLASS   BIGRAM         

        CLASS   RAM            

        CLASS   BANK0          

        CLASS   BANK1          

        CLASS   BANK2          

        CLASS   BANK3          

        CLASS   BANK4          

        CLASS   BANK5          

        CLASS   BANK6          

        CLASS   BANK7          

        CLASS   BANK8          

        CLASS   BANK9          

        CLASS   BANK10         

        CLASS   BANK11         

        CLASS   BANK12         

        CLASS   BANK13         

        CLASS   BANK14         

        CLASS   BANK15         

        CLASS   SFR            

        CLASS   CONFIG         
                config                           300000   300000        E         4

        CLASS   IDLOC          
                idloc                            200000   200000        8         5

        CLASS   EEDATA         

        CLASS   FARRAM         



SEGMENTS        Name                           Load    Length   Top    Selector   Space  Class

                reset_vec                      000000  000004  000004         0       0  CODE    
                bssCOMRAM                      000001  000030  000031         1       1  COMRAM  
                smallconst                     001000  00001A  00101A       800       0  SMALLCON
                text2                          00101A  00061C  001636       80D       0  CODE    


UNUSED ADDRESS RANGES

        Name                Unused          Largest block    Delta
        BANK0            000060-0000FF               A0
        BANK1            000100-0001FF              100
        BANK10           000A00-000AFF              100
        BANK11           000B00-000BFF              100
        BANK12           000C00-000CFF              100
        BANK13           000D00-000DFF              100
        BANK14           000E00-000EFF              100
        BANK15           000F00-000F37               38
        BANK2            000200-0002FF              100
        BANK3            000300-0003FF              100
        BANK4            000400-0004FF              100
        BANK5            000500-0005FF              100
        BANK6            000600-0006FF              100
        BANK7            000700-0007FF              100
        BANK8            000800-0008FF              100
        BANK9            000900-0009FF              100
        BIGRAM           000031-000F37              F07
        CODE             000004-000FFF              FFC
                         001636-00FFFF             E9CA
        COMRAM           000031-00005F               2F
        CONST            000004-000FFF              FFC
                         001636-00FFFF             E9CA
        EEDATA           F00000-F003FF              400
        MEDIUMCONST      001636-00FFFF             E9CA
        RAM              000060-000F37              100
        SFR              000F38-000FFF               28
        SMALLCONST       001636-00FFFF              100
        STACK            000060-000F37              ED8

                                  Symbol Table

Lcd_Cmd@a                cstackCOMRAM 000015
Lcd_Port@a               cstackCOMRAM 000013
_EEADR                   (abs)        000FA9
_EEADRH                  (abs)        000FAA
_EECON1bits              (abs)        000FA6
_EECON2                  (abs)        000FA7
_EEDATA                  (abs)        000FA8
_INTCONbits              (abs)        000FF2
_Lcd_Cmd                 text10       0015CA
_Lcd_Port                text11       0014A8
_PIE2bits                (abs)        000FA0
_PIR2bits                (abs)        000FA1
_PORTB                   (abs)        000F81
_PORTBbits               (abs)        000F81
_PORTC                   (abs)        000F82
_PORTCbits               (abs)        000F82
_PORTD                   (abs)        000F83
_PORTDbits               (abs)        000F83
_SSPCON2                 (abs)        000FC5
_SSPSTAT                 (abs)        000FC7
_TRISB                   (abs)        000F93
_TRISC                   (abs)        000F94
_TRISD                   (abs)        000F95
__HRAM                   (abs)        000000
__Habs1                  abs1         000000
__Hbank0                 bank0        000000
__Hbank1                 bank1        000000
__Hbank10                bank10       000000
__Hbank11                bank11       000000
__Hbank12                bank12       000000
__Hbank13                bank13       000000
__Hbank14                bank14       000000
__Hbank15                bank15       000000
__Hbank2                 bank2        000000
__Hbank3                 bank3        000000
__Hbank4                 bank4        000000
__Hbank5                 bank5        000000
__Hbank6                 bank6        000000
__Hbank7                 bank7        000000
__Hbank8                 bank8        000000
__Hbank9                 bank9        000000
__Hbigbss                bigbss       000000
__Hbigdata               bigdata      000000
__Hbigram                bigram       000000
__Hbss                   bss          000000
__HbssCOMRAM             bssCOMRAM    000000
__Hcinit                 cinit        000000
__Hclrtext               clrtext      000000
__Hcomram                comram       000000
__Hconfig                config       30000E
__Hconst                 const        000000
__HcstackCOMRAM          cstackCOMRAM 000000
__Hdata                  data         000000
__HdataCOMRAM            dataCOMRAM   000000
__Heeprom_data           eeprom_data  000000
__Hfarbss                farbss       000000
__Hfardata               fardata      000000
__Hibigdata              ibigdata     000000
__Hidata                 idata        000000
__HidataCOMRAM           idataCOMRAM  000000
__Hidloc                 idloc        200008
__Hifardata              ifardata     000000
__Hinit                  init         000004
__Hintcode               intcode      000000
__Hintcode_body          intcode_body 000000
__Hintcodelo             intcodelo    000000
__Hintentry              intentry     000000
__Hintret                intret       000000
__Hintsave_regs          intsave_regs 000000
__Hirdata                irdata       000000
__Hmediumconst           mediumconst  000000
__HnvFARRAM              nvFARRAM     000000
__Hnvbit                 nvbit        000000
__Hnvrram                nvrram       000000
__Hparam                 rparam       000000
__Hpowerup               powerup      000000
__Hram                   ram          000000
__Hramtop                ramtop       001000
__Hrbit                  rbit         000000
__Hrbss                  rbss         000000
__Hrdata                 rdata        000000
__Hreset_vec             reset_vec    000000
__Hrparam                rparam       000000
__Hsfr                   sfr          000000
__Hsmallconst            smallconst   00101A
__Hspace_0               (abs)        001636
__Hspace_1               (abs)        000031
__Hspace_2               (abs)        000000
__Hspace_4               (abs)        60000E
__Hstack                 stack        000000
__Hstruct                struct       000000
__Htemp                  temp         000000
__Htext                  text         000000
__Htext0                 text0        000000
__Htext1                 text1        000000
__Htext10                text10       000000
__Htext11                text11       000000
__Htext2                 text2        000000
__Htext3                 text3        000000
__Htext4                 text4        000000
__Htext5                 text5        000000
__Htext6                 text6        000000
__Htext7                 text7        000000
__Htext8                 text8        000000
__Htext9                 text9        000000
__LRAM                   (abs)        000001
__Labs1                  abs1         000000
__Lbank0                 bank0        000000
__Lbank1                 bank1        000000
__Lbank10                bank10       000000
__Lbank11                bank11       000000
__Lbank12                bank12       000000
__Lbank13                bank13       000000
__Lbank14                bank14       000000
__Lbank15                bank15       000000
__Lbank2                 bank2        000000
__Lbank3                 bank3        000000
__Lbank4                 bank4        000000
__Lbank5                 bank5        000000
__Lbank6                 bank6        000000
__Lbank7                 bank7        000000
__Lbank8                 bank8        000000
__Lbank9                 bank9        000000
__Lbigbss                bigbss       000000
__Lbigdata               bigdata      000000
__Lbigram                bigram       000000
__Lbss                   bss          000000
__LbssCOMRAM             bssCOMRAM    000000
__Lcinit                 cinit        000000
__Lclrtext               clrtext      000000
__Lcomram                comram       000000
__Lconfig                config       000000
__Lconst                 const        000000
__LcstackCOMRAM          cstackCOMRAM 000000
__Ldata                  data         000000
__LdataCOMRAM            dataCOMRAM   000000
__Leeprom_data           eeprom_data  000000
__Lfarbss                farbss       000000
__Lfardata               fardata      000000
__Libigdata              ibigdata     000000
__Lidata                 idata        000000
__LidataCOMRAM           idataCOMRAM  000000
__Lidloc                 idloc        000000
__Lifardata              ifardata     000000
__Linit                  init         000000
__Lintcode               intcode      000000
__Lintcode_body          intcode_body 000000
__Lintcodelo             intcodelo    000000
__Lintentry              intentry     000000
__Lintret                intret       000000
__Lintsave_regs          intsave_regs 000000
__Lirdata                irdata       000000
__Lmediumconst           mediumconst  000000
__LnvFARRAM              nvFARRAM     000000
__Lnvbit                 nvbit        000000
__Lnvrram                nvrram       000000
__Lparam                 rparam       000000
__Lpowerup               powerup      000000
__Lram                   ram          000000
__Lramtop                ramtop       001000
__Lrbit                  rbit         000000
__Lrbss                  rbss         000000
__Lrdata                 rdata        000000
__Lreset_vec             reset_vec    000000
__Lrparam                rparam       000000
__Lsfr                   sfr          000000
__Lsmallconst            smallconst   001000
__Lspace_0               (abs)        000000
__Lspace_1               (abs)        000000
__Lspace_2               (abs)        000000
__Lspace_4               (abs)        000000
__Lstack                 stack        000000
__Lstruct                struct       000000
__Ltemp                  temp         000000
__Ltext                  text         000000
__Ltext0                 text0        000000
__Ltext1                 text1        000000
__Ltext10                text10       000000
__Ltext11                text11       000000
__Ltext2                 text2        000000
__Ltext3                 text3        000000
__Ltext4                 text4        000000
__Ltext5                 text5        000000
__Ltext6                 text6        000000
__Ltext7                 text7        000000
__Ltext8                 text8        000000
__Ltext9                 text9        000000
__S0                     (abs)        001636
__S1                     (abs)        000031
__S2                     (abs)        000000
__S4                     (abs)        000000
__S5                     (abs)        000000
___inthi_sp              stack        000000
___intlo_sp              stack        000000
___param_bank            (abs)        000000
___rparam_used           (abs)        000001
___sp                    stack        000000
__accesstop              (abs)        000060
__activetblptr           (abs)        000001
__end_of_Lcd_Cmd         text10       0015FA
__end_of_Lcd_Port        text11       001504
__end_of__initialization cinit        001584
__end_of_lcd_char        text4        0015CA
__end_of_lcd_clear       text5        001636
__end_of_lcd_data        text3        001558
__end_of_lcd_init        text9        0013E2
__end_of_lcd_line        text2        001162
__end_of_main            text0        001370
__end_of_memory_read     text8        00161A
__end_of_memory_write    text7        00144A
__end_of_status_check    text6        00127E
__end_of_welcome_msg     text1        0014A8
__initialization         cinit        001558
__mediumconst            mediumconst  000000
__pbssCOMRAM             bssCOMRAM    000001
__pcinit                 cinit        001558
__pcstackCOMRAM          cstackCOMRAM 000013
__pdataCOMRAM            dataCOMRAM   000023
__pidataCOMRAM           idataCOMRAM  00161A
__psmallconst            smallconst   001000
__ptext0                 text0        00127E
__ptext1                 text1        00144A
__ptext10                text10       0015CA
__ptext11                text11       0014A8
__ptext2                 text2        00101A
__ptext3                 text3        001504
__ptext4                 text4        001592
__ptext5                 text5        001628
__ptext6                 text6        001162
__ptext7                 text7        0013E2
__ptext8                 text8        0015FA
__ptext9                 text9        001370
__ramtop                 ramtop       001000
__size_of_Lcd_Cmd        (abs)        000000
__size_of_Lcd_Port       (abs)        000000
__size_of_lcd_char       (abs)        000000
__size_of_lcd_clear      (abs)        000000
__size_of_lcd_data       (abs)        000000
__size_of_lcd_init       (abs)        000000
__size_of_lcd_line       (abs)        000000
__size_of_main           (abs)        000000
__size_of_memory_read    (abs)        000000
__size_of_memory_write   (abs)        000000
__size_of_status_check   (abs)        000000
__size_of_welcome_msg    (abs)        000000
__smallconst             smallconst   001000
_a                       bssCOMRAM    000012
_b                       bssCOMRAM    000011
_backlight               dataCOMRAM   000030
_c                       bssCOMRAM    000010
_d                       bssCOMRAM    00000F
_i                       bssCOMRAM    00000C
_j                       bssCOMRAM    00000B
_k                       bssCOMRAM    00000A
_l                       bssCOMRAM    000009
_lcd_char                text4        001592
_lcd_clear               text5        001628
_lcd_data                text3        001504
_lcd_init                text9        001370
_lcd_line                text2        00101A
_lux                     bssCOMRAM    000008
_main                    text0        00127E
_memory_read             text8        0015FA
_memory_write            text7        0013E2
_relay                   bssCOMRAM    000007
_saved                   dataCOMRAM   00002B
_set_bit                 bssCOMRAM    000005
_set_state               bssCOMRAM    000006
_settings                dataCOMRAM   000023
_status1                 bssCOMRAM    000003
_status2                 bssCOMRAM    000001
_status_check            text6        001162
_welcome_msg             text1        00144A
_y                       bssCOMRAM    00000E
_z                       bssCOMRAM    00000D
end_of_initialization    cinit        001584
intlevel0                text         000000
intlevel1                text         000000
intlevel2                text         000000
intlevel3                text         000000
isa$std                  (abs)        000001
isa$xinst                (abs)        000000
lcd_char@a               cstackCOMRAM 000014
lcd_char@temp            cstackCOMRAM 000016
lcd_data@a               cstackCOMRAM 000018
lcd_line@a               cstackCOMRAM 000016
lcd_line@b               cstackCOMRAM 000018
lcd_line@temp            cstackCOMRAM 00001D
memory_read@address      cstackCOMRAM 000013
memory_write@address     cstackCOMRAM 000015
memory_write@data        cstackCOMRAM 000013
stackhi                  (abs)        000F37
stacklo                  (abs)        000060
start                    init         000000
start_initialization     cinit        001558
status_check@no          cstackCOMRAM 000018


MODULE INFORMATION

Module		Function		Class		Link	Load	Size
./lcd.h
		_lcd_data      		CODE           	1504	0000	84
		_lcd_line      		CODE           	101A	0000	328
		_Lcd_Cmd       		CODE           	15CA	0000	48
		_lcd_char      		CODE           	1592	0000	56
		_lcd_clear     		CODE           	1628	0000	14
		_Lcd_Port      		CODE           	14A8	0000	92
		_lcd_init      		CODE           	1370	0000	114

./lcd.h estimated size: 736

./eeprom.h
		_memory_read   		CODE           	15FA	0000	32
		_memory_write  		CODE           	13E2	0000	104

./eeprom.h estimated size: 136

./functions.h
		_status_check  		CODE           	1162	0000	284
		_welcome_msg   		CODE           	144A	0000	94

./functions.h estimated size: 378

shared
		__initialization		CODE           	1558	0000	44

shared estimated size: 44

main.c
		_main          		CODE           	127E	0000	242

main.c estimated size: 242

